Calculating task graph as configuration cache cannot be reused because file 'version.properties' has changed.

> Configure project :app
Release keystore not found, using debug signing config.

> Task :core:data:preBuild UP-TO-DATE
> Task :app:preBuild UP-TO-DATE
> Task :app:checkKotlinGradlePluginConfigurationErrors SKIPPED
> Task :core:domain:preBuild UP-TO-DATE
> Task :core:common:preBuild UP-TO-DATE
> Task :core:common:checkKotlinGradlePluginConfigurationErrors SKIPPED
> Task :core:data:preDebugBuild UP-TO-DATE
> Task :app:preDebugBuild UP-TO-DATE
> Task :core:domain:preDebugBuild UP-TO-DATE
> Task :app:injectCrashlyticsVersionControlInfoDebug UP-TO-DATE
> Task :core:common:preDebugBuild UP-TO-DATE
> Task :app:processDebugGoogleServices UP-TO-DATE
> Task :app:injectCrashlyticsMappingFileIdDebug UP-TO-DATE
> Task :core:data:writeDebugAarMetadata UP-TO-DATE
> Task :app:generateDebugBuildConfig UP-TO-DATE
> Task :core:data:generateDebugResValues UP-TO-DATE
> Task :core:common:writeDebugAarMetadata UP-TO-DATE
> Task :core:domain:writeDebugAarMetadata UP-TO-DATE
> Task :app:generateDebugResValues UP-TO-DATE
> Task :core:common:generateDebugResValues UP-TO-DATE
> Task :core:domain:generateDebugResValues UP-TO-DATE
> Task :app:createDebugCompatibleScreenManifests UP-TO-DATE
> Task :core:domain:generateDebugResources UP-TO-DATE
> Task :core:common:extractDeepLinksDebug UP-TO-DATE
> Task :core:common:generateDebugResources UP-TO-DATE
> Task :app:extractDeepLinksDebug UP-TO-DATE
> Task :core:data:generateDebugResources UP-TO-DATE
> Task :app:generateDebugResources UP-TO-DATE
> Task :core:common:processDebugManifest UP-TO-DATE
> Task :core:data:extractDeepLinksDebug UP-TO-DATE
> Task :core:domain:extractDeepLinksDebug UP-TO-DATE
> Task :core:domain:packageDebugResources UP-TO-DATE
> Task :app:packageDebugResources UP-TO-DATE
> Task :core:data:processDebugManifest UP-TO-DATE
> Task :core:domain:processDebugManifest UP-TO-DATE
> Task :core:data:packageDebugResources UP-TO-DATE
> Task :core:common:packageDebugResources UP-TO-DATE
> Task :core:common:javaPreCompileDebug UP-TO-DATE
> Task :core:domain:compileDebugLibraryResources UP-TO-DATE
> Task :core:common:compileDebugLibraryResources UP-TO-DATE
> Task :app:parseDebugLocalResources UP-TO-DATE
> Task :core:data:compileDebugLibraryResources UP-TO-DATE
> Task :core:common:parseDebugLocalResources UP-TO-DATE
> Task :core:data:checkKotlinGradlePluginConfigurationErrors SKIPPED
> Task :core:data:parseDebugLocalResources UP-TO-DATE
> Task :core:domain:parseDebugLocalResources UP-TO-DATE
> Task :core:data:generateDebugBuildConfig UP-TO-DATE
> Task :core:common:generateDebugRFile UP-TO-DATE
> Task :core:domain:checkKotlinGradlePluginConfigurationErrors SKIPPED
> Task :core:domain:generateDebugRFile UP-TO-DATE
> Task :core:domain:javaPreCompileDebug UP-TO-DATE
> Task :core:data:generateDebugRFile UP-TO-DATE
> Task :core:data:javaPreCompileDebug UP-TO-DATE
> Task :core:common:kspDebugKotlin UP-TO-DATE
> Task :app:checkDebugAarMetadata UP-TO-DATE
> Task :app:mapDebugSourceSetPaths UP-TO-DATE
> Task :app:mergeDebugResources UP-TO-DATE
> Task :core:common:compileDebugKotlin UP-TO-DATE
> Task :core:common:compileDebugJavaWithJavac UP-TO-DATE
> Task :app:processDebugMainManifest UP-TO-DATE
> Task :app:processDebugManifest UP-TO-DATE
> Task :app:processDebugManifestForPackage UP-TO-DATE
> Task :core:common:transformDebugClassesWithAsm UP-TO-DATE
> Task :core:common:bundleLibCompileToJarDebug UP-TO-DATE
> Task :core:common:bundleLibRuntimeToJarDebug UP-TO-DATE
> Task :core:domain:compileDebugKotlin UP-TO-DATE
> Task :core:domain:compileDebugJavaWithJavac NO-SOURCE
> Task :core:domain:bundleLibCompileToJarDebug UP-TO-DATE
> Task :core:domain:bundleLibRuntimeToJarDebug UP-TO-DATE
> Task :core:data:kspDebugKotlin UP-TO-DATE
> Task :app:processDebugResources UP-TO-DATE
> Task :core:data:compileDebugKotlin UP-TO-DATE
> Task :core:data:compileDebugJavaWithJavac UP-TO-DATE
> Task :core:data:transformDebugClassesWithAsm UP-TO-DATE
> Task :core:data:bundleLibCompileToJarDebug UP-TO-DATE
> Task :app:kspDebugKotlin UP-TO-DATE

> Task :app:compileDebugKotlin FAILED
e: file:///Users/ahmedtikiwa/upnext4/app/src/main/java/com/theupnextapp/ui/components/Shimmer.kt:206:2 Expecting '}'
e: file:///Users/ahmedtikiwa/upnext4/app/src/main/java/com/theupnextapp/ui/showSeasonEpisodes/ShowSeasonEpisodesScreen.kt:63:39 Unresolved reference: ShimmerSeasonEpisodes
e: file:///Users/ahmedtikiwa/upnext4/app/src/main/java/com/theupnextapp/ui/showSeasonEpisodes/ShowSeasonEpisodesScreen.kt:108:21 Unresolved reference: ShimmerSeasonEpisodes
e: file:///Users/ahmedtikiwa/upnext4/app/src/main/java/com/theupnextapp/ui/showSeasons/ShowSeasonsScreen.kt:57:39 Unresolved reference: ShimmerSeasons
e: file:///Users/ahmedtikiwa/upnext4/app/src/main/java/com/theupnextapp/ui/showSeasons/ShowSeasonsScreen.kt:92:21 Unresolved reference: ShimmerSeasons

[Incubating] Problems report is available at: file:///Users/ahmedtikiwa/upnext4/build/reports/problems/problems-report.html

FAILURE: Build failed with an exception.

* What went wrong:
Execution failed for task ':app:compileDebugKotlin'.
> A failure occurred while executing org.jetbrains.kotlin.compilerRunner.GradleCompilerRunnerWithWorkers$GradleKotlinCompilerWorkAction
   > Compilation error. See log for more details

* Try:
> Run with --stacktrace option to get the stack trace.
> Run with --info or --debug option to get more log output.
> Run with --scan to get full insights.
> Get more help at https://help.gradle.org.

Deprecated Gradle features were used in this build, making it incompatible with Gradle 9.0.

You can use '--warning-mode all' to show the individual deprecation warnings and determine if they come from your own scripts or plugins.

For more on this, please refer to https://docs.gradle.org/8.14.4/userguide/command_line_interface.html#sec:command_line_warnings in the Gradle documentation.

BUILD FAILED in 8s
64 actionable tasks: 1 executed, 63 up-to-date
Configuration cache entry stored.
